.avr8
;.device ATmega168

main:
  clc

0x0000: 9488 clc                                      cycles: 1

  brne main

0x0001: f7f1 brne 0x0 (-2)                            cycles: 1-2

  clr r31

0x0002: 27ff eor r31, r31                             cycles: 1

  tst r31

0x0003: 23ff and r31, r31                             cycles: 1

  add r31, r30

0x0004: 0ffe add r31, r30                             cycles: 1

  andi r20, 5

0x0005: 7045 andi r20, 0x5                            cycles: 1

  cbr r20, 1

0x0006: 7f4e andi r20, 0xfe                           cycles: 1

  adc r10, r2

0x0007: 1ca2 adc r10, r2                              cycles: 1


zomg:
  push r6

0x0008: 926f push r6                                  cycles: 2

  pop r7

0x0009: 907f pop r7                                   cycles: 2

  inc r31

0x000a: 95f3 inc r31                                  cycles: 1

  sbrc r16, 3

0x000b: fd03 sbrc r16, 3                              cycles: 1-3


  rcall zomg

0x000c: dffb rcall 0x8 (-5)                           cycles: 3

  rjmp zomg

0x000d: cffa rjmp 0x8 (-6)                            cycles: 2

  call zomg

0x000e: 940e call 0x8                                 cycles: 4
        0008

  jmp zomg

0x0010: 940c jmp 0x8                                  cycles: 3
        0008



  adiw r24, 63

0x0012: 96cf adiw r24, 63                             cycles: 2

  cbi 0x5, 7

0x0013: 982f cbi 0x5, 7                               cycles: 2

  bset 3

0x0014: 9438 sev                                      cycles: 1

  ser r20

0x0015: ef4f ldi r20, 0xff                            cycles: 1

  in r7, 0x3f

0x0016: b67f in r7, 0x3f                              cycles: 1

  out 0x3f, r9

0x0017: be9f out 0x3f, r9                             cycles: 1


  movw r16, r30

0x0018: 018f movw r16, r30                            cycles: 1

  ;spm Z+
  spm

0x0019: 94c8 cls                                      cycles: 1


  ld r13, Z

0x001a: 80d0 ld r13, Z                                cycles: 2

  ld r12, Y+

0x001b: 90c9 ld r12, Y+                               cycles: 2

  ld r19, -Y 

0x001c: 913a ld r19, -Y                               cycles: 2

  ld r19, Y 

0x001d: 8138 ld r19, Y                                cycles: 2

  ld r0, Z+

0x001e: 9001 ld r0, Z+                                cycles: 2


  cpi r16, 'z'

0x001f: 3000 cpi r16, 0x0                             cycles: 1


  st Z, r9

0x0020: 8290 st Z, r9                                 cycles: 2

  st Y+, r10

0x0021: 92a9 st Y+, r10                               cycles: 2

  st -Y, r31

0x0022: 93fa st -Y, r31                               cycles: 2

  st Y, r10

0x0023: 82a8 st Y, r10                                cycles: 2

  st Z+, r3

0x0024: 9231 st Z+, r3                                cycles: 2


  ret

0x0025: 9508 ret                                      cycles: 4



  fmul r16, r18

0x0026: 030a fmul r16, r18                            cycles: 2

  mul r16, r30

0x0027: 9f0e mul r16, r30                             cycles: 2


  ;des 5
  lds r14, 0x1000

0x0028: 90e0 lds r14, 0x1000                          cycles: 3
        1000

  sts 0x2000, r1

0x002a: 9210 sts 0x2000, r1                           cycles: 3
        2000


  std Z+63, r4

0x002c: ae47 std Z+63, r4                             cycles: 2

  std Y+21, r31

0x002d: 8bfd std Y+21, r31                            cycles: 2


  ldd r5, Y+7

0x002e: 805f ldd r5, Y+7                              cycles: 2

  ldd r8, Z+56

0x002f: ac80 ldd r8, Z+56                             cycles: 2




data sections:


Program Info:
Include Paths: .
               /usr/local/share/naken_asm/include
 Instructions: 44
   Code Bytes: 96
   Data Bytes: 0
  Low Address: 0000 (0)
 High Address: 002f (47)

